// Jest Snapshot v1, https://goo.gl/fbAQLP

exports[`balancewatcher 1`] = `
Array [
  Object {
    "body": Object {
      "account": "0x24afdca4653042c6d08fb1a754b2535dacf6eb24",
      "balance": "43830.107316131493694159",
      "blockHash": "0x5499be815b61cb4676629c5366af723e55d11a859c563900c0d7b2371fc826b5",
      "blockNumber": 19227319,
      "contract": "0xe91d153e0b41518a2ce8dd3d7944fa863463a97d",
    },
    "time": 1637722390000,
    "type": "balance",
  },
  Object {
    "body": Object {
      "account": "0x6c928f435d1f3329babb42d69ccf043e3900ecf1",
      "balance": "0.000000000000000000",
      "blockHash": "0x5499be815b61cb4676629c5366af723e55d11a859c563900c0d7b2371fc826b5",
      "blockNumber": 19227319,
      "contract": "0xe91d153e0b41518a2ce8dd3d7944fa863463a97d",
    },
    "time": 1637722390000,
    "type": "balance",
  },
  Object {
    "body": Object {
      "account": "0x24afdca4653042c6d08fb1a754b2535dacf6eb24",
      "balance": "43830.107316131493694159",
      "blockHash": "0x5499be815b61cb4676629c5366af723e55d11a859c563900c0d7b2371fc826b5",
      "blockNumber": 19227319,
      "contract": "0xe91d153e0b41518a2ce8dd3d7944fa863463a97d",
    },
    "time": 1637722390000,
    "type": "balance",
  },
  Object {
    "body": Object {
      "account": "0x6c928f435d1f3329babb42d69ccf043e3900ecf1",
      "balance": "0.000000000000000000",
      "blockHash": "0x5499be815b61cb4676629c5366af723e55d11a859c563900c0d7b2371fc826b5",
      "blockNumber": 19227319,
      "contract": "0xe91d153e0b41518a2ce8dd3d7944fa863463a97d",
    },
    "time": 1637722390000,
    "type": "balance",
  },
  Object {
    "body": Object {
      "account": "0x24afdca4653042c6d08fb1a754b2535dacf6eb24",
      "balance": "43830.107316131493694159",
      "blockHash": "0x5499be815b61cb4676629c5366af723e55d11a859c563900c0d7b2371fc826b5",
      "blockNumber": 19227319,
      "contract": "0xe91d153e0b41518a2ce8dd3d7944fa863463a97d",
    },
    "time": 1637722390000,
    "type": "balance",
  },
  Object {
    "body": Object {
      "account": "0x6c928f435d1f3329babb42d69ccf043e3900ecf1",
      "balance": "0.000000000000000000",
      "blockHash": "0x5499be815b61cb4676629c5366af723e55d11a859c563900c0d7b2371fc826b5",
      "blockNumber": 19227319,
      "contract": "0xe91d153e0b41518a2ce8dd3d7944fa863463a97d",
    },
    "time": 1637722390000,
    "type": "balance",
  },
  Object {
    "body": Object {
      "account": "0x24afdca4653042c6d08fb1a754b2535dacf6eb24",
      "balance": "43830.107316131493694159",
      "blockHash": "0x5499be815b61cb4676629c5366af723e55d11a859c563900c0d7b2371fc826b5",
      "blockNumber": 19227319,
      "contract": "0xe91d153e0b41518a2ce8dd3d7944fa863463a97d",
    },
    "time": 1637722390000,
    "type": "balance",
  },
  Object {
    "body": Object {
      "account": "0x6c928f435d1f3329babb42d69ccf043e3900ecf1",
      "balance": "0.000000000000000000",
      "blockHash": "0x5499be815b61cb4676629c5366af723e55d11a859c563900c0d7b2371fc826b5",
      "blockNumber": 19227319,
      "contract": "0xe91d153e0b41518a2ce8dd3d7944fa863463a97d",
    },
    "time": 1637722390000,
    "type": "balance",
  },
  Object {
    "body": Object {
      "account": "0x24afdca4653042c6d08fb1a754b2535dacf6eb24",
      "balance": "43830.107316131493694159",
      "blockHash": "0x5499be815b61cb4676629c5366af723e55d11a859c563900c0d7b2371fc826b5",
      "blockNumber": 19227319,
      "contract": "0xe91d153e0b41518a2ce8dd3d7944fa863463a97d",
    },
    "time": 1637722390000,
    "type": "balance",
  },
  Object {
    "body": Object {
      "account": "0x6c928f435d1f3329babb42d69ccf043e3900ecf1",
      "balance": "0.000000000000000000",
      "blockHash": "0x5499be815b61cb4676629c5366af723e55d11a859c563900c0d7b2371fc826b5",
      "blockNumber": 19227319,
      "contract": "0xe91d153e0b41518a2ce8dd3d7944fa863463a97d",
    },
    "time": 1637722390000,
    "type": "balance",
  },
  Object {
    "body": Object {
      "account": "0x24afdca4653042c6d08fb1a754b2535dacf6eb24",
      "balance": "43795.283689891613971795",
      "blockHash": "0xe5c88f657a34e105e8fc9e43ebf7b9f20837745bcaf12225dfd8980b69bc54b6",
      "blockNumber": 19227320,
      "contract": "0xe91d153e0b41518a2ce8dd3d7944fa863463a97d",
    },
    "time": 1637722395000,
    "type": "balance",
  },
  Object {
    "body": Object {
      "account": "0x6c928f435d1f3329babb42d69ccf043e3900ecf1",
      "balance": "0.000000000000000000",
      "blockHash": "0xe5c88f657a34e105e8fc9e43ebf7b9f20837745bcaf12225dfd8980b69bc54b6",
      "blockNumber": 19227320,
      "contract": "0xe91d153e0b41518a2ce8dd3d7944fa863463a97d",
    },
    "time": 1637722395000,
    "type": "balance",
  },
  Object {
    "body": Object {
      "account": "0x24afdca4653042c6d08fb1a754b2535dacf6eb24",
      "balance": "43795.283689891613971795",
      "blockHash": "0xe5c88f657a34e105e8fc9e43ebf7b9f20837745bcaf12225dfd8980b69bc54b6",
      "blockNumber": 19227320,
      "contract": "0xe91d153e0b41518a2ce8dd3d7944fa863463a97d",
    },
    "time": 1637722395000,
    "type": "balance",
  },
  Object {
    "body": Object {
      "account": "0x6c928f435d1f3329babb42d69ccf043e3900ecf1",
      "balance": "0.000000000000000000",
      "blockHash": "0xe5c88f657a34e105e8fc9e43ebf7b9f20837745bcaf12225dfd8980b69bc54b6",
      "blockNumber": 19227320,
      "contract": "0xe91d153e0b41518a2ce8dd3d7944fa863463a97d",
    },
    "time": 1637722395000,
    "type": "balance",
  },
  Object {
    "body": Object {
      "account": "0x24afdca4653042c6d08fb1a754b2535dacf6eb24",
      "balance": "43795.283689891613971795",
      "blockHash": "0xe5c88f657a34e105e8fc9e43ebf7b9f20837745bcaf12225dfd8980b69bc54b6",
      "blockNumber": 19227320,
      "contract": "0xe91d153e0b41518a2ce8dd3d7944fa863463a97d",
    },
    "time": 1637722395000,
    "type": "balance",
  },
  Object {
    "body": Object {
      "account": "0x6c928f435d1f3329babb42d69ccf043e3900ecf1",
      "balance": "0.000000000000000000",
      "blockHash": "0xe5c88f657a34e105e8fc9e43ebf7b9f20837745bcaf12225dfd8980b69bc54b6",
      "blockNumber": 19227320,
      "contract": "0xe91d153e0b41518a2ce8dd3d7944fa863463a97d",
    },
    "time": 1637722395000,
    "type": "balance",
  },
  Object {
    "body": Object {
      "account": "0x24afdca4653042c6d08fb1a754b2535dacf6eb24",
      "balance": "43795.283689891613971795",
      "blockHash": "0xe5c88f657a34e105e8fc9e43ebf7b9f20837745bcaf12225dfd8980b69bc54b6",
      "blockNumber": 19227320,
      "contract": "0xe91d153e0b41518a2ce8dd3d7944fa863463a97d",
    },
    "time": 1637722395000,
    "type": "balance",
  },
  Object {
    "body": Object {
      "account": "0x6c928f435d1f3329babb42d69ccf043e3900ecf1",
      "balance": "0.000000000000000000",
      "blockHash": "0xe5c88f657a34e105e8fc9e43ebf7b9f20837745bcaf12225dfd8980b69bc54b6",
      "blockNumber": 19227320,
      "contract": "0xe91d153e0b41518a2ce8dd3d7944fa863463a97d",
    },
    "time": 1637722395000,
    "type": "balance",
  },
  Object {
    "body": Object {
      "account": "0x24afdca4653042c6d08fb1a754b2535dacf6eb24",
      "balance": "43795.283689891613971795",
      "blockHash": "0xe5c88f657a34e105e8fc9e43ebf7b9f20837745bcaf12225dfd8980b69bc54b6",
      "blockNumber": 19227320,
      "contract": "0xe91d153e0b41518a2ce8dd3d7944fa863463a97d",
    },
    "time": 1637722395000,
    "type": "balance",
  },
  Object {
    "body": Object {
      "account": "0x6c928f435d1f3329babb42d69ccf043e3900ecf1",
      "balance": "0.000000000000000000",
      "blockHash": "0xe5c88f657a34e105e8fc9e43ebf7b9f20837745bcaf12225dfd8980b69bc54b6",
      "blockNumber": 19227320,
      "contract": "0xe91d153e0b41518a2ce8dd3d7944fa863463a97d",
    },
    "time": 1637722395000,
    "type": "balance",
  },
  Object {
    "body": Object {
      "account": "0x24afdca4653042c6d08fb1a754b2535dacf6eb24",
      "balance": "43795.283689891613971795",
      "blockHash": "0xe5c88f657a34e105e8fc9e43ebf7b9f20837745bcaf12225dfd8980b69bc54b6",
      "blockNumber": 19227320,
      "contract": "0xe91d153e0b41518a2ce8dd3d7944fa863463a97d",
    },
    "time": 1637722395000,
    "type": "balance",
  },
  Object {
    "body": Object {
      "account": "0x6c928f435d1f3329babb42d69ccf043e3900ecf1",
      "balance": "0.000000000000000000",
      "blockHash": "0xe5c88f657a34e105e8fc9e43ebf7b9f20837745bcaf12225dfd8980b69bc54b6",
      "blockNumber": 19227320,
      "contract": "0xe91d153e0b41518a2ce8dd3d7944fa863463a97d",
    },
    "time": 1637722395000,
    "type": "balance",
  },
  Object {
    "body": Object {
      "account": "0x24afdca4653042c6d08fb1a754b2535dacf6eb24",
      "balance": "43795.283689891613971795",
      "blockHash": "0xe5c88f657a34e105e8fc9e43ebf7b9f20837745bcaf12225dfd8980b69bc54b6",
      "blockNumber": 19227320,
      "contract": "0xe91d153e0b41518a2ce8dd3d7944fa863463a97d",
    },
    "time": 1637722395000,
    "type": "balance",
  },
  Object {
    "body": Object {
      "account": "0x6c928f435d1f3329babb42d69ccf043e3900ecf1",
      "balance": "0.000000000000000000",
      "blockHash": "0xe5c88f657a34e105e8fc9e43ebf7b9f20837745bcaf12225dfd8980b69bc54b6",
      "blockNumber": 19227320,
      "contract": "0xe91d153e0b41518a2ce8dd3d7944fa863463a97d",
    },
    "time": 1637722395000,
    "type": "balance",
  },
  Object {
    "body": Object {
      "account": "0x24afdca4653042c6d08fb1a754b2535dacf6eb24",
      "balance": "43795.283689891613971795",
      "blockHash": "0xe5c88f657a34e105e8fc9e43ebf7b9f20837745bcaf12225dfd8980b69bc54b6",
      "blockNumber": 19227320,
      "contract": "0xe91d153e0b41518a2ce8dd3d7944fa863463a97d",
    },
    "time": 1637722395000,
    "type": "balance",
  },
  Object {
    "body": Object {
      "account": "0x6c928f435d1f3329babb42d69ccf043e3900ecf1",
      "balance": "0.000000000000000000",
      "blockHash": "0xe5c88f657a34e105e8fc9e43ebf7b9f20837745bcaf12225dfd8980b69bc54b6",
      "blockNumber": 19227320,
      "contract": "0xe91d153e0b41518a2ce8dd3d7944fa863463a97d",
    },
    "time": 1637722395000,
    "type": "balance",
  },
  Object {
    "body": Object {
      "account": "0x24afdca4653042c6d08fb1a754b2535dacf6eb24",
      "balance": "43793.797696609925161998",
      "blockHash": "0xf4b38b7aa7fd799dc3e65f9c1f9632b7bb83aa7bc15076cc378d90052b4fe3de",
      "blockNumber": 19227321,
      "contract": "0xe91d153e0b41518a2ce8dd3d7944fa863463a97d",
    },
    "time": 1637722400000,
    "type": "balance",
  },
  Object {
    "body": Object {
      "account": "0x6c928f435d1f3329babb42d69ccf043e3900ecf1",
      "balance": "0.000000000000000000",
      "blockHash": "0xf4b38b7aa7fd799dc3e65f9c1f9632b7bb83aa7bc15076cc378d90052b4fe3de",
      "blockNumber": 19227321,
      "contract": "0xe91d153e0b41518a2ce8dd3d7944fa863463a97d",
    },
    "time": 1637722400000,
    "type": "balance",
  },
  Object {
    "body": Object {
      "account": "0x24afdca4653042c6d08fb1a754b2535dacf6eb24",
      "balance": "43793.797696609925161998",
      "blockHash": "0xf4b38b7aa7fd799dc3e65f9c1f9632b7bb83aa7bc15076cc378d90052b4fe3de",
      "blockNumber": 19227321,
      "contract": "0xe91d153e0b41518a2ce8dd3d7944fa863463a97d",
    },
    "time": 1637722400000,
    "type": "balance",
  },
  Object {
    "body": Object {
      "account": "0x6c928f435d1f3329babb42d69ccf043e3900ecf1",
      "balance": "0.000000000000000000",
      "blockHash": "0xf4b38b7aa7fd799dc3e65f9c1f9632b7bb83aa7bc15076cc378d90052b4fe3de",
      "blockNumber": 19227321,
      "contract": "0xe91d153e0b41518a2ce8dd3d7944fa863463a97d",
    },
    "time": 1637722400000,
    "type": "balance",
  },
  Object {
    "body": Object {
      "account": "0x24afdca4653042c6d08fb1a754b2535dacf6eb24",
      "balance": "43793.797696609925161998",
      "blockHash": "0xf4b38b7aa7fd799dc3e65f9c1f9632b7bb83aa7bc15076cc378d90052b4fe3de",
      "blockNumber": 19227321,
      "contract": "0xe91d153e0b41518a2ce8dd3d7944fa863463a97d",
    },
    "time": 1637722400000,
    "type": "balance",
  },
  Object {
    "body": Object {
      "account": "0x6c928f435d1f3329babb42d69ccf043e3900ecf1",
      "balance": "0.000000000000000000",
      "blockHash": "0xf4b38b7aa7fd799dc3e65f9c1f9632b7bb83aa7bc15076cc378d90052b4fe3de",
      "blockNumber": 19227321,
      "contract": "0xe91d153e0b41518a2ce8dd3d7944fa863463a97d",
    },
    "time": 1637722400000,
    "type": "balance",
  },
  Object {
    "body": Object {
      "account": "0x24afdca4653042c6d08fb1a754b2535dacf6eb24",
      "balance": "43793.797696609925161998",
      "blockHash": "0xf4b38b7aa7fd799dc3e65f9c1f9632b7bb83aa7bc15076cc378d90052b4fe3de",
      "blockNumber": 19227321,
      "contract": "0xe91d153e0b41518a2ce8dd3d7944fa863463a97d",
    },
    "time": 1637722400000,
    "type": "balance",
  },
  Object {
    "body": Object {
      "account": "0x6c928f435d1f3329babb42d69ccf043e3900ecf1",
      "balance": "0.000000000000000000",
      "blockHash": "0xf4b38b7aa7fd799dc3e65f9c1f9632b7bb83aa7bc15076cc378d90052b4fe3de",
      "blockNumber": 19227321,
      "contract": "0xe91d153e0b41518a2ce8dd3d7944fa863463a97d",
    },
    "time": 1637722400000,
    "type": "balance",
  },
  Object {
    "body": Object {
      "account": "0x24afdca4653042c6d08fb1a754b2535dacf6eb24",
      "balance": "43793.797696609925161998",
      "blockHash": "0xf4b38b7aa7fd799dc3e65f9c1f9632b7bb83aa7bc15076cc378d90052b4fe3de",
      "blockNumber": 19227321,
      "contract": "0xe91d153e0b41518a2ce8dd3d7944fa863463a97d",
    },
    "time": 1637722400000,
    "type": "balance",
  },
  Object {
    "body": Object {
      "account": "0x6c928f435d1f3329babb42d69ccf043e3900ecf1",
      "balance": "0.000000000000000000",
      "blockHash": "0xf4b38b7aa7fd799dc3e65f9c1f9632b7bb83aa7bc15076cc378d90052b4fe3de",
      "blockNumber": 19227321,
      "contract": "0xe91d153e0b41518a2ce8dd3d7944fa863463a97d",
    },
    "time": 1637722400000,
    "type": "balance",
  },
  Object {
    "body": Object {
      "account": "0x24afdca4653042c6d08fb1a754b2535dacf6eb24",
      "balance": "43793.797696609925161998",
      "blockHash": "0xf4b38b7aa7fd799dc3e65f9c1f9632b7bb83aa7bc15076cc378d90052b4fe3de",
      "blockNumber": 19227321,
      "contract": "0xe91d153e0b41518a2ce8dd3d7944fa863463a97d",
    },
    "time": 1637722400000,
    "type": "balance",
  },
  Object {
    "body": Object {
      "account": "0x6c928f435d1f3329babb42d69ccf043e3900ecf1",
      "balance": "0.000000000000000000",
      "blockHash": "0xf4b38b7aa7fd799dc3e65f9c1f9632b7bb83aa7bc15076cc378d90052b4fe3de",
      "blockNumber": 19227321,
      "contract": "0xe91d153e0b41518a2ce8dd3d7944fa863463a97d",
    },
    "time": 1637722400000,
    "type": "balance",
  },
  Object {
    "body": Object {
      "account": "0x3bbb766594030b3da70aebf52d10f05933740581",
      "balance": "0.000000000000000006",
      "blockHash": "0x24d10bb06bf6b351f9046e03127d3b61841abdc35e5bcdaa8ca6f90b701d963d",
      "blockNumber": 19227323,
      "contract": "0xe91d153e0b41518a2ce8dd3d7944fa863463a97d",
    },
    "time": 1637722410000,
    "type": "balance",
  },
  Object {
    "body": Object {
      "account": "0x1b975a9daf25e7b01e0a6c72d657ff74925327a8",
      "balance": "999.606961322337499966",
      "blockHash": "0x24d10bb06bf6b351f9046e03127d3b61841abdc35e5bcdaa8ca6f90b701d963d",
      "blockNumber": 19227323,
      "contract": "0xe91d153e0b41518a2ce8dd3d7944fa863463a97d",
    },
    "time": 1637722410000,
    "type": "balance",
  },
  Object {
    "body": Object {
      "account": "0xf8a9c9f1853ed36af45e8d5b16e8d119aca44f26",
      "balance": "816.668003202459546439",
      "blockHash": "0xbbfff3a829e108e5955c5396d52e64064867bb329a4b85b5b6ed4e8e12276dde",
      "blockNumber": 19227326,
      "contract": "0xe91d153e0b41518a2ce8dd3d7944fa863463a97d",
    },
    "time": 1637722425000,
    "type": "balance",
  },
  Object {
    "body": Object {
      "account": "0x253ba6c8b005ae3989b5d02331518223222bdc96",
      "balance": "2.485314593698719902",
      "blockHash": "0xbbfff3a829e108e5955c5396d52e64064867bb329a4b85b5b6ed4e8e12276dde",
      "blockNumber": 19227326,
      "contract": "0xe91d153e0b41518a2ce8dd3d7944fa863463a97d",
    },
    "time": 1637722425000,
    "type": "balance",
  },
  Object {
    "body": Object {
      "account": "0xf70768a86bf5f60108554042027aefaf62360d65",
      "balance": "0.000000000000000003",
      "blockHash": "0x798e23ce6737bd08d38e00c083ca91e5dbf34ae90d7d24e024aac2a44ff24d53",
      "blockNumber": 19227328,
      "contract": "0xe91d153e0b41518a2ce8dd3d7944fa863463a97d",
    },
    "time": 1637722440000,
    "type": "balance",
  },
  Object {
    "body": Object {
      "account": "0x1b975a9daf25e7b01e0a6c72d657ff74925327a8",
      "balance": "999.656961322337499966",
      "blockHash": "0x798e23ce6737bd08d38e00c083ca91e5dbf34ae90d7d24e024aac2a44ff24d53",
      "blockNumber": 19227328,
      "contract": "0xe91d153e0b41518a2ce8dd3d7944fa863463a97d",
    },
    "time": 1637722440000,
    "type": "balance",
  },
  Object {
    "body": Object {
      "account": "0x7f90122bf0700f9e7e1f688fe926940e8839f353",
      "balance": "3299411.790875657435592112",
      "blockHash": "0x82b16f9237ac973602af694cd9414c74c3a9a3108f4b68500524b3ea95799506",
      "blockNumber": 19227329,
      "contract": "0xe91d153e0b41518a2ce8dd3d7944fa863463a97d",
    },
    "time": 1637722445000,
    "type": "balance",
  },
  Object {
    "body": Object {
      "account": "0x5b328bb20fbf15bbecc82298db269254c3fddb5d",
      "balance": "840.950858005178153292",
      "blockHash": "0x82b16f9237ac973602af694cd9414c74c3a9a3108f4b68500524b3ea95799506",
      "blockNumber": 19227329,
      "contract": "0xe91d153e0b41518a2ce8dd3d7944fa863463a97d",
    },
    "time": 1637722445000,
    "type": "balance",
  },
]
`;
