// Jest Snapshot v1, https://goo.gl/fbAQLP

exports[`nftwatcher 1`] = `
Array [
  Object {
    "body": Object {
      "blockHash": "0x5499be815b61cb4676629c5366af723e55d11a859c563900c0d7b2371fc826b5",
      "blockNumber": 19227319,
      "contract": "0x22C1f6050E56d2876009903609a2cC3fEf83B415",
      "errorTokenURI": undefined,
      "from": "0x0000000000000000000000000000000000000000",
      "index": "0x00000000000000000000000000000000000000000000000000000000002aa81f",
      "metadata": Object {
        "attributes": Array [
          Object {
            "trait_type": "startDate",
            "value": "23-Nov-2021",
          },
          Object {
            "trait_type": "endDate",
            "value": "23-Nov-2021",
          },
          Object {
            "trait_type": "virtualEvent",
            "value": "true",
          },
          Object {
            "trait_type": "city",
            "value": "",
          },
          Object {
            "trait_type": "country",
            "value": "",
          },
          Object {
            "trait_type": "eventURL",
            "value": "https://vaynernft.co/",
          },
        ],
        "description": "We wanted to reward our most active listeners in the best way possible, through POAPs! ",
        "external_url": "https://api.poap.xyz/metadata/14889/2795551",
        "home_url": "https://app.poap.xyz/token/2795551",
        "image_url": "https://assets.poap.xyz/vnft-twitter-spaces-1-2021-logo-1637630235674.png",
        "name": "VNFT Twitter Spaces #1",
        "tags": Array [
          "poap",
          "event",
        ],
        "year": 2021,
      },
      "rawTokenURI": "0x0000000000000000000000000000000000000000000000000000000000000020000000000000000000000000000000000000000000000000000000000000002b68747470733a2f2f6170692e706f61702e78797a2f6d657461646174612f31343838392f32373935353531000000000000000000000000000000000000000000",
      "retrievalTime": 0,
      "to": "0x4a93264d56a21eebef0cfa4c0c2e0f4ee7edd1a9",
      "tokenURI": "https://api.poap.xyz/metadata/14889/2795551",
    },
    "time": 1637722390000,
    "type": "nft",
  },
  Object {
    "body": Object {
      "blockHash": "0x5499be815b61cb4676629c5366af723e55d11a859c563900c0d7b2371fc826b5",
      "blockNumber": 19227319,
      "contract": "0x22C1f6050E56d2876009903609a2cC3fEf83B415",
      "errorTokenURI": undefined,
      "from": "0x0000000000000000000000000000000000000000",
      "index": "0x00000000000000000000000000000000000000000000000000000000002aa820",
      "metadata": Object {
        "attributes": Array [
          Object {
            "trait_type": "startDate",
            "value": "23-Nov-2021",
          },
          Object {
            "trait_type": "endDate",
            "value": "23-Nov-2021",
          },
          Object {
            "trait_type": "virtualEvent",
            "value": "true",
          },
          Object {
            "trait_type": "city",
            "value": "",
          },
          Object {
            "trait_type": "country",
            "value": "",
          },
          Object {
            "trait_type": "eventURL",
            "value": "https://vaynernft.co/",
          },
        ],
        "description": "We wanted to reward our most active listeners in the best way possible, through POAPs! ",
        "external_url": "https://api.poap.xyz/metadata/14889/2795552",
        "home_url": "https://app.poap.xyz/token/2795552",
        "image_url": "https://assets.poap.xyz/vnft-twitter-spaces-1-2021-logo-1637630235674.png",
        "name": "VNFT Twitter Spaces #1",
        "tags": Array [
          "poap",
          "event",
        ],
        "year": 2021,
      },
      "rawTokenURI": "0x0000000000000000000000000000000000000000000000000000000000000020000000000000000000000000000000000000000000000000000000000000002b68747470733a2f2f6170692e706f61702e78797a2f6d657461646174612f31343838392f32373935353532000000000000000000000000000000000000000000",
      "retrievalTime": 0,
      "to": "0x21529e234bdcc3346f70bbc10b0e7517779e5946",
      "tokenURI": "https://api.poap.xyz/metadata/14889/2795552",
    },
    "time": 1637722390000,
    "type": "nft",
  },
  Object {
    "body": Object {
      "blockHash": "0x5499be815b61cb4676629c5366af723e55d11a859c563900c0d7b2371fc826b5",
      "blockNumber": 19227319,
      "contract": "0x22C1f6050E56d2876009903609a2cC3fEf83B415",
      "errorTokenURI": undefined,
      "from": "0x0000000000000000000000000000000000000000",
      "index": "0x00000000000000000000000000000000000000000000000000000000002aa821",
      "metadata": Object {
        "attributes": Array [
          Object {
            "trait_type": "startDate",
            "value": "23-Nov-2021",
          },
          Object {
            "trait_type": "endDate",
            "value": "23-Nov-2021",
          },
          Object {
            "trait_type": "virtualEvent",
            "value": "true",
          },
          Object {
            "trait_type": "city",
            "value": "",
          },
          Object {
            "trait_type": "country",
            "value": "",
          },
          Object {
            "trait_type": "eventURL",
            "value": "https://vaynernft.co/",
          },
        ],
        "description": "We wanted to reward our most active listeners in the best way possible, through POAPs! ",
        "external_url": "https://api.poap.xyz/metadata/14889/2795553",
        "home_url": "https://app.poap.xyz/token/2795553",
        "image_url": "https://assets.poap.xyz/vnft-twitter-spaces-1-2021-logo-1637630235674.png",
        "name": "VNFT Twitter Spaces #1",
        "tags": Array [
          "poap",
          "event",
        ],
        "year": 2021,
      },
      "rawTokenURI": "0x0000000000000000000000000000000000000000000000000000000000000020000000000000000000000000000000000000000000000000000000000000002b68747470733a2f2f6170692e706f61702e78797a2f6d657461646174612f31343838392f32373935353533000000000000000000000000000000000000000000",
      "retrievalTime": 0,
      "to": "0xd6acf737b303c0c05a8aa4aebc55ba5e4e75fffa",
      "tokenURI": "https://api.poap.xyz/metadata/14889/2795553",
    },
    "time": 1637722390000,
    "type": "nft",
  },
  Object {
    "body": Object {
      "blockHash": "0x24d10bb06bf6b351f9046e03127d3b61841abdc35e5bcdaa8ca6f90b701d963d",
      "blockNumber": 19227323,
      "contract": "0x22C1f6050E56d2876009903609a2cC3fEf83B415",
      "errorTokenURI": undefined,
      "from": "0x0000000000000000000000000000000000000000",
      "index": "0x00000000000000000000000000000000000000000000000000000000002aa822",
      "metadata": Object {
        "attributes": Array [
          Object {
            "trait_type": "startDate",
            "value": "23-Nov-2021",
          },
          Object {
            "trait_type": "endDate",
            "value": "23-Nov-2021",
          },
          Object {
            "trait_type": "virtualEvent",
            "value": "true",
          },
          Object {
            "trait_type": "city",
            "value": "",
          },
          Object {
            "trait_type": "country",
            "value": "",
          },
          Object {
            "trait_type": "eventURL",
            "value": "https://vaynernft.co/",
          },
        ],
        "description": "We wanted to reward our most active listeners in the best way possible, through POAPs! ",
        "external_url": "https://api.poap.xyz/metadata/14889/2795554",
        "home_url": "https://app.poap.xyz/token/2795554",
        "image_url": "https://assets.poap.xyz/vnft-twitter-spaces-1-2021-logo-1637630235674.png",
        "name": "VNFT Twitter Spaces #1",
        "tags": Array [
          "poap",
          "event",
        ],
        "year": 2021,
      },
      "rawTokenURI": "0x0000000000000000000000000000000000000000000000000000000000000020000000000000000000000000000000000000000000000000000000000000002b68747470733a2f2f6170692e706f61702e78797a2f6d657461646174612f31343838392f32373935353534000000000000000000000000000000000000000000",
      "retrievalTime": 0,
      "to": "0xd3d75f5fcaee0007ff4adbb68916ac41d07cb6b5",
      "tokenURI": "https://api.poap.xyz/metadata/14889/2795554",
    },
    "time": 1637722410000,
    "type": "nft",
  },
  Object {
    "body": Object {
      "blockHash": "0x24d10bb06bf6b351f9046e03127d3b61841abdc35e5bcdaa8ca6f90b701d963d",
      "blockNumber": 19227323,
      "contract": "0x22C1f6050E56d2876009903609a2cC3fEf83B415",
      "errorTokenURI": undefined,
      "from": "0x0000000000000000000000000000000000000000",
      "index": "0x00000000000000000000000000000000000000000000000000000000002aa823",
      "metadata": Object {
        "attributes": Array [
          Object {
            "trait_type": "startDate",
            "value": "17-Nov-2021",
          },
          Object {
            "trait_type": "endDate",
            "value": "17-Nov-2021",
          },
          Object {
            "trait_type": "virtualEvent",
            "value": "true",
          },
          Object {
            "trait_type": "city",
            "value": "",
          },
          Object {
            "trait_type": "country",
            "value": "",
          },
          Object {
            "trait_type": "eventURL",
            "value": "https://confirmed.onelink.me/mzYA/589f9ddf",
          },
        ],
        "description": "For those of you in search of new playgrounds where possibilities are limitless, we invite you to join us as we voyage into the Metaverse.

This digital collectible is our way of rewarding you for following your curiosity as we explore this new age of originality together. This token proves you were here from the beginning of this journey. Keep it safe â€” it may come in handy.

This is the first step in our journey to empower the creators of tomorrow to thrive in the Metaverse. A place where anyone can express their most original ideas and be their most authentic selves. It will take some learning, some building and a leap of faith. If you're already here, show us the way. If you're new, come and join us. We canâ€™t wait to see what we do together.

WAGMI


Terms and Conditions: https://confirmed.onelink.me/mzYA/589f9ddf",
        "external_url": "https://api.poap.xyz/metadata/14195/2795555",
        "home_url": "https://app.poap.xyz/token/2795555",
        "image_url": "https://s3.us-east-2.amazonaws.com/assets.poap.xyz/01-adidas-poap-badge-1.png",
        "name": "adidas Originals: our future started here",
        "tags": Array [
          "poap",
          "event",
        ],
        "year": 2021,
      },
      "rawTokenURI": "0x0000000000000000000000000000000000000000000000000000000000000020000000000000000000000000000000000000000000000000000000000000002b68747470733a2f2f6170692e706f61702e78797a2f6d657461646174612f31343139352f32373935353535000000000000000000000000000000000000000000",
      "retrievalTime": 0,
      "to": "0xab196927732745d69c5a063872f8330c230abd57",
      "tokenURI": "https://api.poap.xyz/metadata/14195/2795555",
    },
    "time": 1637722410000,
    "type": "nft",
  },
  Object {
    "body": Object {
      "blockHash": "0x24d10bb06bf6b351f9046e03127d3b61841abdc35e5bcdaa8ca6f90b701d963d",
      "blockNumber": 19227323,
      "contract": "0x22C1f6050E56d2876009903609a2cC3fEf83B415",
      "errorTokenURI": undefined,
      "from": "0x0000000000000000000000000000000000000000",
      "index": "0x00000000000000000000000000000000000000000000000000000000002aa824",
      "metadata": Object {
        "attributes": Array [
          Object {
            "trait_type": "startDate",
            "value": "23-Nov-2021",
          },
          Object {
            "trait_type": "endDate",
            "value": "23-Nov-2021",
          },
          Object {
            "trait_type": "virtualEvent",
            "value": "true",
          },
          Object {
            "trait_type": "city",
            "value": "",
          },
          Object {
            "trait_type": "country",
            "value": "",
          },
          Object {
            "trait_type": "eventURL",
            "value": "https://vaynernft.co/",
          },
        ],
        "description": "We wanted to reward our most active listeners in the best way possible, through POAPs! ",
        "external_url": "https://api.poap.xyz/metadata/14889/2795556",
        "home_url": "https://app.poap.xyz/token/2795556",
        "image_url": "https://assets.poap.xyz/vnft-twitter-spaces-1-2021-logo-1637630235674.png",
        "name": "VNFT Twitter Spaces #1",
        "tags": Array [
          "poap",
          "event",
        ],
        "year": 2021,
      },
      "rawTokenURI": "0x0000000000000000000000000000000000000000000000000000000000000020000000000000000000000000000000000000000000000000000000000000002b68747470733a2f2f6170692e706f61702e78797a2f6d657461646174612f31343838392f32373935353536000000000000000000000000000000000000000000",
      "retrievalTime": 0,
      "to": "0x8170317a4d0cad589c87b35997257a24b7a286f8",
      "tokenURI": "https://api.poap.xyz/metadata/14889/2795556",
    },
    "time": 1637722410000,
    "type": "nft",
  },
  Object {
    "body": Object {
      "blockHash": "0x24d10bb06bf6b351f9046e03127d3b61841abdc35e5bcdaa8ca6f90b701d963d",
      "blockNumber": 19227323,
      "contract": "0x22C1f6050E56d2876009903609a2cC3fEf83B415",
      "errorTokenURI": undefined,
      "from": "0x0000000000000000000000000000000000000000",
      "index": "0x00000000000000000000000000000000000000000000000000000000002aa825",
      "metadata": Object {
        "attributes": Array [
          Object {
            "trait_type": "startDate",
            "value": "23-Nov-2021",
          },
          Object {
            "trait_type": "endDate",
            "value": "23-Nov-2021",
          },
          Object {
            "trait_type": "virtualEvent",
            "value": "true",
          },
          Object {
            "trait_type": "city",
            "value": "",
          },
          Object {
            "trait_type": "country",
            "value": "",
          },
          Object {
            "trait_type": "eventURL",
            "value": "https://play.decentraland.org/?position=-139%2C127",
          },
        ],
        "description": "Join us at The Aquarium Casino at 7:00PM Eastern / 11:00PM UTC for our Crypto Competition with the chance to win a variety of our new wearables.

We have some great swag set up throughout the ocean floor including our Aquarium Menagerie Fish Bowl helmet and one of the last chances to pick up our MMA gear! Come enjoy the Underwater Paradise and listen to some great beats while checking out some sweet new wearables for your collection! Claim the POAP!

Aquarium gear airdropped to players every 15 minutes! The crypto competition awards the top 10 high scorers the following prizes:
",
        "external_url": "https://api.poap.xyz/metadata/14823/2795557",
        "home_url": "https://app.poap.xyz/token/2795557",
        "image_url": "https://assets.poap.xyz/crypto-tourney-tuesdays-at-the-aquarium-2021-logo-1637595527522.png",
        "name": "Crypto Tourney Tuesdays at The Aquarium",
        "tags": Array [
          "poap",
          "event",
        ],
        "year": 2021,
      },
      "rawTokenURI": "0x0000000000000000000000000000000000000000000000000000000000000020000000000000000000000000000000000000000000000000000000000000002b68747470733a2f2f6170692e706f61702e78797a2f6d657461646174612f31343832332f32373935353537000000000000000000000000000000000000000000",
      "retrievalTime": 0,
      "to": "0xb528c573ddd7acaba1a1da77a4fd5a1ea4a32990",
      "tokenURI": "https://api.poap.xyz/metadata/14823/2795557",
    },
    "time": 1637722410000,
    "type": "nft",
  },
  Object {
    "body": Object {
      "blockHash": "0x24d10bb06bf6b351f9046e03127d3b61841abdc35e5bcdaa8ca6f90b701d963d",
      "blockNumber": 19227323,
      "contract": "0x22C1f6050E56d2876009903609a2cC3fEf83B415",
      "errorTokenURI": undefined,
      "from": "0x0000000000000000000000000000000000000000",
      "index": "0x00000000000000000000000000000000000000000000000000000000002aa826",
      "metadata": Object {
        "attributes": Array [
          Object {
            "trait_type": "startDate",
            "value": "23-Nov-2021",
          },
          Object {
            "trait_type": "endDate",
            "value": "23-Nov-2021",
          },
          Object {
            "trait_type": "virtualEvent",
            "value": "true",
          },
          Object {
            "trait_type": "city",
            "value": "",
          },
          Object {
            "trait_type": "country",
            "value": "",
          },
          Object {
            "trait_type": "eventURL",
            "value": "https://vaynernft.co/",
          },
        ],
        "description": "We wanted to reward our most active listeners in the best way possible, through POAPs! ",
        "external_url": "https://api.poap.xyz/metadata/14889/2795558",
        "home_url": "https://app.poap.xyz/token/2795558",
        "image_url": "https://assets.poap.xyz/vnft-twitter-spaces-1-2021-logo-1637630235674.png",
        "name": "VNFT Twitter Spaces #1",
        "tags": Array [
          "poap",
          "event",
        ],
        "year": 2021,
      },
      "rawTokenURI": "0x0000000000000000000000000000000000000000000000000000000000000020000000000000000000000000000000000000000000000000000000000000002b68747470733a2f2f6170692e706f61702e78797a2f6d657461646174612f31343838392f32373935353538000000000000000000000000000000000000000000",
      "retrievalTime": 0,
      "to": "0x266ee152cf011964aa4399bb568709199da82063",
      "tokenURI": "https://api.poap.xyz/metadata/14889/2795558",
    },
    "time": 1637722410000,
    "type": "nft",
  },
  Object {
    "body": Object {
      "blockHash": "0x69508bf3d7a734215a6f6ea74c4bc0e019e6b8a30594b9a39088bc4bb161a56d",
      "blockNumber": 19227324,
      "contract": "0x22C1f6050E56d2876009903609a2cC3fEf83B415",
      "errorTokenURI": undefined,
      "from": "0x0000000000000000000000000000000000000000",
      "index": "0x00000000000000000000000000000000000000000000000000000000002aa827",
      "metadata": Object {
        "attributes": Array [
          Object {
            "trait_type": "startDate",
            "value": "23-Nov-2021",
          },
          Object {
            "trait_type": "endDate",
            "value": "23-Nov-2021",
          },
          Object {
            "trait_type": "virtualEvent",
            "value": "true",
          },
          Object {
            "trait_type": "city",
            "value": "",
          },
          Object {
            "trait_type": "country",
            "value": "",
          },
          Object {
            "trait_type": "eventURL",
            "value": "https://vaynernft.co/",
          },
        ],
        "description": "We wanted to reward our most active listeners in the best way possible, through POAPs! ",
        "external_url": "https://api.poap.xyz/metadata/14889/2795559",
        "home_url": "https://app.poap.xyz/token/2795559",
        "image_url": "https://assets.poap.xyz/vnft-twitter-spaces-1-2021-logo-1637630235674.png",
        "name": "VNFT Twitter Spaces #1",
        "tags": Array [
          "poap",
          "event",
        ],
        "year": 2021,
      },
      "rawTokenURI": "0x0000000000000000000000000000000000000000000000000000000000000020000000000000000000000000000000000000000000000000000000000000002b68747470733a2f2f6170692e706f61702e78797a2f6d657461646174612f31343838392f32373935353539000000000000000000000000000000000000000000",
      "retrievalTime": 0,
      "to": "0xc5aa3267d7d102aa4a429adccc8299a8333fa354",
      "tokenURI": "https://api.poap.xyz/metadata/14889/2795559",
    },
    "time": 1637722415000,
    "type": "nft",
  },
  Object {
    "body": Object {
      "blockHash": "0x69508bf3d7a734215a6f6ea74c4bc0e019e6b8a30594b9a39088bc4bb161a56d",
      "blockNumber": 19227324,
      "contract": "0x22C1f6050E56d2876009903609a2cC3fEf83B415",
      "errorTokenURI": undefined,
      "from": "0x0000000000000000000000000000000000000000",
      "index": "0x00000000000000000000000000000000000000000000000000000000002aa828",
      "metadata": Object {
        "attributes": Array [
          Object {
            "trait_type": "startDate",
            "value": "21-Nov-2021",
          },
          Object {
            "trait_type": "endDate",
            "value": "22-Nov-2021",
          },
          Object {
            "trait_type": "virtualEvent",
            "value": "true",
          },
          Object {
            "trait_type": "city",
            "value": "Decentraland ",
          },
          Object {
            "trait_type": "country",
            "value": "-78, -54",
          },
          Object {
            "trait_type": "eventURL",
            "value": "https://xpand.gg/community/the-decentraland-report",
          },
        ],
        "description": "Attended the Nov 23rd NFTuesday",
        "external_url": "https://api.poap.xyz/metadata/14699/2795560",
        "home_url": "https://app.poap.xyz/token/2795560",
        "image_url": "https://assets.poap.xyz/nov-23rd-nftuesday-2021-logo-1637500308829.png",
        "name": "Nov 23rd NFTuesday",
        "tags": Array [
          "poap",
          "event",
        ],
        "year": 2021,
      },
      "rawTokenURI": "0x0000000000000000000000000000000000000000000000000000000000000020000000000000000000000000000000000000000000000000000000000000002b68747470733a2f2f6170692e706f61702e78797a2f6d657461646174612f31343639392f32373935353630000000000000000000000000000000000000000000",
      "retrievalTime": 0,
      "to": "0x0001a532d73491f9d319e729e99697c3d9c0a227",
      "tokenURI": "https://api.poap.xyz/metadata/14699/2795560",
    },
    "time": 1637722415000,
    "type": "nft",
  },
  Object {
    "body": Object {
      "blockHash": "0x69508bf3d7a734215a6f6ea74c4bc0e019e6b8a30594b9a39088bc4bb161a56d",
      "blockNumber": 19227324,
      "contract": "0x22C1f6050E56d2876009903609a2cC3fEf83B415",
      "errorTokenURI": undefined,
      "from": "0x0000000000000000000000000000000000000000",
      "index": "0x00000000000000000000000000000000000000000000000000000000002aa829",
      "metadata": Object {
        "attributes": Array [
          Object {
            "trait_type": "startDate",
            "value": "23-Nov-2021",
          },
          Object {
            "trait_type": "endDate",
            "value": "23-Nov-2021",
          },
          Object {
            "trait_type": "virtualEvent",
            "value": "true",
          },
          Object {
            "trait_type": "city",
            "value": "",
          },
          Object {
            "trait_type": "country",
            "value": "",
          },
          Object {
            "trait_type": "eventURL",
            "value": "https://play.decentraland.org/?position=-139%2C127",
          },
        ],
        "description": "Join us at The Aquarium Casino at 7:00PM Eastern / 11:00PM UTC for our Crypto Competition with the chance to win a variety of our new wearables.

We have some great swag set up throughout the ocean floor including our Aquarium Menagerie Fish Bowl helmet and one of the last chances to pick up our MMA gear! Come enjoy the Underwater Paradise and listen to some great beats while checking out some sweet new wearables for your collection! Claim the POAP!

Aquarium gear airdropped to players every 15 minutes! The crypto competition awards the top 10 high scorers the following prizes:
",
        "external_url": "https://api.poap.xyz/metadata/14823/2795561",
        "home_url": "https://app.poap.xyz/token/2795561",
        "image_url": "https://assets.poap.xyz/crypto-tourney-tuesdays-at-the-aquarium-2021-logo-1637595527522.png",
        "name": "Crypto Tourney Tuesdays at The Aquarium",
        "tags": Array [
          "poap",
          "event",
        ],
        "year": 2021,
      },
      "rawTokenURI": "0x0000000000000000000000000000000000000000000000000000000000000020000000000000000000000000000000000000000000000000000000000000002b68747470733a2f2f6170692e706f61702e78797a2f6d657461646174612f31343832332f32373935353631000000000000000000000000000000000000000000",
      "retrievalTime": 0,
      "to": "0x0001a532d73491f9d319e729e99697c3d9c0a227",
      "tokenURI": "https://api.poap.xyz/metadata/14823/2795561",
    },
    "time": 1637722415000,
    "type": "nft",
  },
  Object {
    "body": Object {
      "blockHash": "0xd93aaf9039246440482d4cb3d546fae828d70e775d7a2e1dbe2733e093c30193",
      "blockNumber": 19227325,
      "contract": "0x22C1f6050E56d2876009903609a2cC3fEf83B415",
      "errorTokenURI": undefined,
      "from": "0x0000000000000000000000000000000000000000",
      "index": "0x00000000000000000000000000000000000000000000000000000000002aa82a",
      "metadata": Object {
        "attributes": Array [
          Object {
            "trait_type": "startDate",
            "value": "20-Nov-2021",
          },
          Object {
            "trait_type": "endDate",
            "value": "30-Nov-2021",
          },
          Object {
            "trait_type": "virtualEvent",
            "value": "true",
          },
          Object {
            "trait_type": "city",
            "value": "New York",
          },
          Object {
            "trait_type": "country",
            "value": "United States",
          },
          Object {
            "trait_type": "eventURL",
            "value": "https://www.searchlight.art",
          },
        ],
        "description": "Thank you for exhibiting in the Mask Ephemera exhibition!
The Edison Ballroom, Times Square + Metaverse 
Including 100+ artists curated by SearchLight, the official curatorial team for NFT NYC. 
Artwork by: Rebecca Rose
POAP designed by: @thePOAPqueen

POAP distributed directly to artist from SearchLight through secret passcode.",
        "external_url": "https://api.poap.xyz/metadata/14572/2795562",
        "home_url": "https://app.poap.xyz/token/2795562",
        "image_url": "https://assets.poap.xyz/nft-nyc-official-artist-mask-ephemera-by-searchlight-at-the-edison-ballroom-2021-logo-1637367563547.png",
        "name": "NFT NYC Official Artist - Mask Ephemera by SearchLight at the Edison Ballroom",
        "tags": Array [
          "poap",
          "event",
        ],
        "year": 2021,
      },
      "rawTokenURI": "0x0000000000000000000000000000000000000000000000000000000000000020000000000000000000000000000000000000000000000000000000000000002b68747470733a2f2f6170692e706f61702e78797a2f6d657461646174612f31343537322f32373935353632000000000000000000000000000000000000000000",
      "retrievalTime": 0,
      "to": "0x263436b572a205397ae127b29b777a846288bd88",
      "tokenURI": "https://api.poap.xyz/metadata/14572/2795562",
    },
    "time": 1637722420000,
    "type": "nft",
  },
  Object {
    "body": Object {
      "blockHash": "0xd93aaf9039246440482d4cb3d546fae828d70e775d7a2e1dbe2733e093c30193",
      "blockNumber": 19227325,
      "contract": "0x22C1f6050E56d2876009903609a2cC3fEf83B415",
      "errorTokenURI": undefined,
      "from": "0x0000000000000000000000000000000000000000",
      "index": "0x00000000000000000000000000000000000000000000000000000000002aa82b",
      "metadata": Object {
        "attributes": Array [
          Object {
            "trait_type": "startDate",
            "value": "23-Nov-2021",
          },
          Object {
            "trait_type": "endDate",
            "value": "23-Nov-2021",
          },
          Object {
            "trait_type": "virtualEvent",
            "value": "true",
          },
          Object {
            "trait_type": "city",
            "value": "",
          },
          Object {
            "trait_type": "country",
            "value": "",
          },
          Object {
            "trait_type": "eventURL",
            "value": "https://vaynernft.co/",
          },
        ],
        "description": "We wanted to reward our most active listeners in the best way possible, through POAPs! ",
        "external_url": "https://api.poap.xyz/metadata/14889/2795563",
        "home_url": "https://app.poap.xyz/token/2795563",
        "image_url": "https://assets.poap.xyz/vnft-twitter-spaces-1-2021-logo-1637630235674.png",
        "name": "VNFT Twitter Spaces #1",
        "tags": Array [
          "poap",
          "event",
        ],
        "year": 2021,
      },
      "rawTokenURI": "0x0000000000000000000000000000000000000000000000000000000000000020000000000000000000000000000000000000000000000000000000000000002b68747470733a2f2f6170692e706f61702e78797a2f6d657461646174612f31343838392f32373935353633000000000000000000000000000000000000000000",
      "retrievalTime": 0,
      "to": "0x6c58c4f6c9a68e556a8f81a70500e32b9b2253fb",
      "tokenURI": "https://api.poap.xyz/metadata/14889/2795563",
    },
    "time": 1637722420000,
    "type": "nft",
  },
  Object {
    "body": Object {
      "blockHash": "0xbbfff3a829e108e5955c5396d52e64064867bb329a4b85b5b6ed4e8e12276dde",
      "blockNumber": 19227326,
      "contract": "0x22C1f6050E56d2876009903609a2cC3fEf83B415",
      "errorTokenURI": undefined,
      "from": "0x0000000000000000000000000000000000000000",
      "index": "0x00000000000000000000000000000000000000000000000000000000002aa82c",
      "metadata": Object {
        "attributes": Array [
          Object {
            "trait_type": "startDate",
            "value": "23-Nov-2021",
          },
          Object {
            "trait_type": "endDate",
            "value": "23-Nov-2021",
          },
          Object {
            "trait_type": "virtualEvent",
            "value": "true",
          },
          Object {
            "trait_type": "city",
            "value": "",
          },
          Object {
            "trait_type": "country",
            "value": "",
          },
          Object {
            "trait_type": "eventURL",
            "value": "https://vaynernft.co/",
          },
        ],
        "description": "We wanted to reward our most active listeners in the best way possible, through POAPs! ",
        "external_url": "https://api.poap.xyz/metadata/14889/2795564",
        "home_url": "https://app.poap.xyz/token/2795564",
        "image_url": "https://assets.poap.xyz/vnft-twitter-spaces-1-2021-logo-1637630235674.png",
        "name": "VNFT Twitter Spaces #1",
        "tags": Array [
          "poap",
          "event",
        ],
        "year": 2021,
      },
      "rawTokenURI": "0x0000000000000000000000000000000000000000000000000000000000000020000000000000000000000000000000000000000000000000000000000000002b68747470733a2f2f6170692e706f61702e78797a2f6d657461646174612f31343838392f32373935353634000000000000000000000000000000000000000000",
      "retrievalTime": 0,
      "to": "0xe7283120e64075de2376b0ab081b972d3d2cb635",
      "tokenURI": "https://api.poap.xyz/metadata/14889/2795564",
    },
    "time": 1637722425000,
    "type": "nft",
  },
  Object {
    "body": Object {
      "blockHash": "0x7cc10cc0d3464c0005512873f98ba4770bd656de0364c01659076bcf61ce306b",
      "blockNumber": 19227327,
      "contract": "0x22C1f6050E56d2876009903609a2cC3fEf83B415",
      "errorTokenURI": undefined,
      "from": "0x0000000000000000000000000000000000000000",
      "index": "0x00000000000000000000000000000000000000000000000000000000002aa82d",
      "metadata": Object {
        "attributes": Array [
          Object {
            "trait_type": "startDate",
            "value": "23-Nov-2021",
          },
          Object {
            "trait_type": "endDate",
            "value": "23-Nov-2021",
          },
          Object {
            "trait_type": "virtualEvent",
            "value": "true",
          },
          Object {
            "trait_type": "city",
            "value": "",
          },
          Object {
            "trait_type": "country",
            "value": "",
          },
          Object {
            "trait_type": "eventURL",
            "value": "https://www.eternalroyals.io/",
          },
        ],
        "description": "This is the first edition of the Royals Roundtable hosted by the Eternal Royals! A series of discussions hosted on Twitters Spaces and Clubhouse! Thanks for vibin' with the royals community! ",
        "external_url": "https://api.poap.xyz/metadata/15032/2795565",
        "home_url": "https://app.poap.xyz/token/2795565",
        "image_url": "https://assets.poap.xyz/royals-roundtable-1-november-23-2021-2021-logo-1637715186140.png",
        "name": "Royals Roundtable #1 - November 23, 2021",
        "tags": Array [
          "poap",
          "event",
        ],
        "year": 2021,
      },
      "rawTokenURI": "0x0000000000000000000000000000000000000000000000000000000000000020000000000000000000000000000000000000000000000000000000000000002b68747470733a2f2f6170692e706f61702e78797a2f6d657461646174612f31353033322f32373935353635000000000000000000000000000000000000000000",
      "retrievalTime": 0,
      "to": "0x27a4b36bda9a448e429087c3d07159ac443920a4",
      "tokenURI": "https://api.poap.xyz/metadata/15032/2795565",
    },
    "time": 1637722430000,
    "type": "nft",
  },
  Object {
    "body": Object {
      "blockHash": "0x798e23ce6737bd08d38e00c083ca91e5dbf34ae90d7d24e024aac2a44ff24d53",
      "blockNumber": 19227328,
      "contract": "0x22C1f6050E56d2876009903609a2cC3fEf83B415",
      "errorTokenURI": undefined,
      "from": "0x0000000000000000000000000000000000000000",
      "index": "0x00000000000000000000000000000000000000000000000000000000002aa82e",
      "metadata": Object {
        "attributes": Array [
          Object {
            "trait_type": "startDate",
            "value": "23-Nov-2021",
          },
          Object {
            "trait_type": "endDate",
            "value": "23-Nov-2021",
          },
          Object {
            "trait_type": "virtualEvent",
            "value": "true",
          },
          Object {
            "trait_type": "city",
            "value": "",
          },
          Object {
            "trait_type": "country",
            "value": "",
          },
          Object {
            "trait_type": "eventURL",
            "value": "https://vaynernft.co/",
          },
        ],
        "description": "We wanted to reward our most active listeners in the best way possible, through POAPs! ",
        "external_url": "https://api.poap.xyz/metadata/14889/2795566",
        "home_url": "https://app.poap.xyz/token/2795566",
        "image_url": "https://assets.poap.xyz/vnft-twitter-spaces-1-2021-logo-1637630235674.png",
        "name": "VNFT Twitter Spaces #1",
        "tags": Array [
          "poap",
          "event",
        ],
        "year": 2021,
      },
      "rawTokenURI": "0x0000000000000000000000000000000000000000000000000000000000000020000000000000000000000000000000000000000000000000000000000000002b68747470733a2f2f6170692e706f61702e78797a2f6d657461646174612f31343838392f32373935353636000000000000000000000000000000000000000000",
      "retrievalTime": 0,
      "to": "0x1845a63ed77312ede219da627101fba43109b1a0",
      "tokenURI": "https://api.poap.xyz/metadata/14889/2795566",
    },
    "time": 1637722440000,
    "type": "nft",
  },
  Object {
    "body": Object {
      "blockHash": "0x798e23ce6737bd08d38e00c083ca91e5dbf34ae90d7d24e024aac2a44ff24d53",
      "blockNumber": 19227328,
      "contract": "0x22C1f6050E56d2876009903609a2cC3fEf83B415",
      "errorTokenURI": undefined,
      "from": "0x0000000000000000000000000000000000000000",
      "index": "0x00000000000000000000000000000000000000000000000000000000002aa82f",
      "metadata": Object {
        "attributes": Array [
          Object {
            "trait_type": "startDate",
            "value": "23-Nov-2021",
          },
          Object {
            "trait_type": "endDate",
            "value": "23-Nov-2021",
          },
          Object {
            "trait_type": "virtualEvent",
            "value": "true",
          },
          Object {
            "trait_type": "city",
            "value": "",
          },
          Object {
            "trait_type": "country",
            "value": "",
          },
          Object {
            "trait_type": "eventURL",
            "value": "https://twitter.com/wholesomename",
          },
        ],
        "description": "This event commemorates the morning of 11/23, when Mr-x.nft will take his post breakfast poo. ",
        "external_url": "https://api.poap.xyz/metadata/14893/2795567",
        "home_url": "https://app.poap.xyz/token/2795567",
        "image_url": "https://assets.poap.xyz/mr-xnft-takes-a-poo-2021-logo-1637635490974.png",
        "name": "Mr-x.nft Takes a Poo",
        "tags": Array [
          "poap",
          "event",
        ],
        "year": 2021,
      },
      "rawTokenURI": "0x0000000000000000000000000000000000000000000000000000000000000020000000000000000000000000000000000000000000000000000000000000002b68747470733a2f2f6170692e706f61702e78797a2f6d657461646174612f31343839332f32373935353637000000000000000000000000000000000000000000",
      "retrievalTime": 0,
      "to": "0x3ceefc02adaa498dbe80782da0aa4d585a9196b0",
      "tokenURI": "https://api.poap.xyz/metadata/14893/2795567",
    },
    "time": 1637722440000,
    "type": "nft",
  },
]
`;
